// Jest Snapshot v1, https://goo.gl/fbAQLP

exports[`renders homepage unchanged 1`] = `
<div>
  <div
    style="opacity: 0;"
  >
    <div>
      <main
        class="main"
        data-testid="firsttesthome"
      >
        <div
          class="maindivanimation"
        >
          <div
            class="firstdivanimation"
          >
            <div
              class="subdivfirstanimation"
            >
              <h2>
                Wellcome to my portfolio !
              </h2>
            </div>
          </div>
          <div
            class="seconddivanimation"
          >
            <div
              class="subdivsecondanimation"
            >
              <h2>
                I'm a web developer.
              </h2>
            </div>
          </div>
          <div
            class="thirddivanimation"
          >
            <div
              class="subdivthirdanimation"
            >
              <h2>
                Enjoy this visit !
              </h2>
            </div>
          </div>
        </div>
        <div
          class="divaudio"
        >
          <audio
            class="audio"
            controls=""
            loop=""
            preload="auto"
            src="./drums.mp3"
          >
            Your browser does not support the
            <code>
              audio
            </code>
             element.
          </audio>
        </div>
        <div
          class="mainclassvideo"
        >
          <video
            autoplay=""
            class="divvideointro"
            loop=""
          >
            <source
              src="./videos/spider-web.mp4"
              type="video/mp4"
            />
          </video>
        </div>
        <h2
          class="mainheader"
        >
          Next.js Portfolio
        </h2>
        <div
          class="lilink"
        >
          <li
            class="list"
          >
            <a
              class="link"
              href="/about"
            >
              <svg
                fill="currentColor"
                height="18"
                stroke="currentColor"
                stroke-width="0"
                style="margin-right: 5px; padding: 4px;"
                viewBox="0 0 14 16"
                width="18"
                xmlns="http://www.w3.org/2000/svg"
              >
                <path
                  d="M6.3 5.69a.942.942 0 0 1-.28-.7c0-.28.09-.52.28-.7.19-.18.42-.28.7-.28.28 0 .52.09.7.28.18.19.28.42.28.7 0 .28-.09.52-.28.7a1 1 0 0 1-.7.3c-.28 0-.52-.11-.7-.3zM8 7.99c-.02-.25-.11-.48-.31-.69-.2-.19-.42-.3-.69-.31H6c-.27.02-.48.13-.69.31-.2.2-.3.44-.31.69h1v3c.02.27.11.5.31.69.2.2.42.31.69.31h1c.27 0 .48-.11.69-.31.2-.19.3-.42.31-.69H8V7.98v.01zM7 2.3c-3.14 0-5.7 2.54-5.7 5.68 0 3.14 2.56 5.7 5.7 5.7s5.7-2.55 5.7-5.7c0-3.15-2.56-5.69-5.7-5.69v.01zM7 .98c3.86 0 7 3.14 7 7s-3.14 7-7 7-7-3.12-7-7 3.14-7 7-7z"
                  fill-rule="evenodd"
                />
              </svg>
              About Me
               
            </a>
          </li>
          <li
            class="list"
          >
            <a
              class="link"
              href="/skills"
            >
              <svg
                fill="currentColor"
                height="18"
                stroke="currentColor"
                stroke-width="0"
                style="margin-right: 5px; padding: 4px;"
                viewBox="0 0 14 16"
                width="18"
                xmlns="http://www.w3.org/2000/svg"
              >
                <path
                  d="M6.3 5.69a.942.942 0 0 1-.28-.7c0-.28.09-.52.28-.7.19-.18.42-.28.7-.28.28 0 .52.09.7.28.18.19.28.42.28.7 0 .28-.09.52-.28.7a1 1 0 0 1-.7.3c-.28 0-.52-.11-.7-.3zM8 7.99c-.02-.25-.11-.48-.31-.69-.2-.19-.42-.3-.69-.31H6c-.27.02-.48.13-.69.31-.2.2-.3.44-.31.69h1v3c.02.27.11.5.31.69.2.2.42.31.69.31h1c.27 0 .48-.11.69-.31.2-.19.3-.42.31-.69H8V7.98v.01zM7 2.3c-3.14 0-5.7 2.54-5.7 5.68 0 3.14 2.56 5.7 5.7 5.7s5.7-2.55 5.7-5.7c0-3.15-2.56-5.69-5.7-5.69v.01zM7 .98c3.86 0 7 3.14 7 7s-3.14 7-7 7-7-3.12-7-7 3.14-7 7-7z"
                  fill-rule="evenodd"
                />
              </svg>
              Skills
               
            </a>
          </li>
          <li
            class="list"
          >
            <a
              class="link"
              href="/projects"
            >
              <svg
                fill="currentColor"
                height="18"
                stroke="currentColor"
                stroke-width="0"
                style="margin-right: 5px; padding: 4px;"
                viewBox="0 0 14 16"
                width="18"
                xmlns="http://www.w3.org/2000/svg"
              >
                <path
                  d="M6.3 5.69a.942.942 0 0 1-.28-.7c0-.28.09-.52.28-.7.19-.18.42-.28.7-.28.28 0 .52.09.7.28.18.19.28.42.28.7 0 .28-.09.52-.28.7a1 1 0 0 1-.7.3c-.28 0-.52-.11-.7-.3zM8 7.99c-.02-.25-.11-.48-.31-.69-.2-.19-.42-.3-.69-.31H6c-.27.02-.48.13-.69.31-.2.2-.3.44-.31.69h1v3c.02.27.11.5.31.69.2.2.42.31.69.31h1c.27 0 .48-.11.69-.31.2-.19.3-.42.31-.69H8V7.98v.01zM7 2.3c-3.14 0-5.7 2.54-5.7 5.68 0 3.14 2.56 5.7 5.7 5.7s5.7-2.55 5.7-5.7c0-3.15-2.56-5.69-5.7-5.69v.01zM7 .98c3.86 0 7 3.14 7 7s-3.14 7-7 7-7-3.12-7-7 3.14-7 7-7z"
                  fill-rule="evenodd"
                />
              </svg>
              Projects
               
            </a>
          </li>
          <li
            class="list"
          >
            <a
              class="link"
              href="/gallery"
            >
              <svg
                fill="currentColor"
                height="18"
                stroke="currentColor"
                stroke-width="0"
                style="margin-right: 5px; padding: 4px;"
                viewBox="0 0 14 16"
                width="18"
                xmlns="http://www.w3.org/2000/svg"
              >
                <path
                  d="M6.3 5.69a.942.942 0 0 1-.28-.7c0-.28.09-.52.28-.7.19-.18.42-.28.7-.28.28 0 .52.09.7.28.18.19.28.42.28.7 0 .28-.09.52-.28.7a1 1 0 0 1-.7.3c-.28 0-.52-.11-.7-.3zM8 7.99c-.02-.25-.11-.48-.31-.69-.2-.19-.42-.3-.69-.31H6c-.27.02-.48.13-.69.31-.2.2-.3.44-.31.69h1v3c.02.27.11.5.31.69.2.2.42.31.69.31h1c.27 0 .48-.11.69-.31.2-.19.3-.42.31-.69H8V7.98v.01zM7 2.3c-3.14 0-5.7 2.54-5.7 5.68 0 3.14 2.56 5.7 5.7 5.7s5.7-2.55 5.7-5.7c0-3.15-2.56-5.69-5.7-5.69v.01zM7 .98c3.86 0 7 3.14 7 7s-3.14 7-7 7-7-3.12-7-7 3.14-7 7-7z"
                  fill-rule="evenodd"
                />
              </svg>
              Gallery
               
            </a>
          </li>
          <li
            class="list"
          >
            <a
              class="link"
              href="/contact"
            >
              <svg
                fill="currentColor"
                height="18"
                stroke="currentColor"
                stroke-width="0"
                style="margin-right: 5px; padding: 4px;"
                viewBox="0 0 14 16"
                width="18"
                xmlns="http://www.w3.org/2000/svg"
              >
                <path
                  d="M6.3 5.69a.942.942 0 0 1-.28-.7c0-.28.09-.52.28-.7.19-.18.42-.28.7-.28.28 0 .52.09.7.28.18.19.28.42.28.7 0 .28-.09.52-.28.7a1 1 0 0 1-.7.3c-.28 0-.52-.11-.7-.3zM8 7.99c-.02-.25-.11-.48-.31-.69-.2-.19-.42-.3-.69-.31H6c-.27.02-.48.13-.69.31-.2.2-.3.44-.31.69h1v3c.02.27.11.5.31.69.2.2.42.31.69.31h1c.27 0 .48-.11.69-.31.2-.19.3-.42.31-.69H8V7.98v.01zM7 2.3c-3.14 0-5.7 2.54-5.7 5.68 0 3.14 2.56 5.7 5.7 5.7s5.7-2.55 5.7-5.7c0-3.15-2.56-5.69-5.7-5.69v.01zM7 .98c3.86 0 7 3.14 7 7s-3.14 7-7 7-7-3.12-7-7 3.14-7 7-7z"
                  fill-rule="evenodd"
                />
              </svg>
              Contact
               
            </a>
          </li>
        </div>
        <div
          class="secondlilink"
        >
          <li
            class="list"
          >
            <a
              class="link2"
              href="https://github.com/TLRKiliann"
              rel="noopener noreferrer"
              target="_blank"
            >
              @github
            </a>
          </li>
          <li
            class="list"
          >
            <a
              class="link2"
              href="https://codepen.io/koalatr33"
              rel="noopener noreferrer"
              target="_blank"
            >
              @codepen.io
            </a>
          </li>
          <li
            class="list"
          >
            <a
              class="link2"
              href="https://www.youtube.com/@estebancatanea"
              rel="noopener noreferrer"
              target="_blank"
            >
              @youtube
            </a>
          </li>
          <li
            class="list"
          >
            <a
              class="link2"
              href="https://www.freecodecamp.org/fcc9d247083-23e1-4bc7-ac80-47009c560173"
              rel="noopener noreferrer"
              target="_blank"
            >
              @freecodecamp
            </a>
          </li>
          <li
            class="list"
          >
            <a
              class="link2"
              href="https://openclassrooms.com/fr/members/p4h3cxlsd5g1"
              rel="noopener noreferrer"
              target="_blank"
            >
              @openclassroom
            </a>
          </li>
        </div>
        <div
          class="parentverticaltext"
        >
          <p
            class="verticaltext"
          >
            ko@l@tr33-2023
          </p>
          <div
            class="verticallongline"
          />
        </div>
      </main>
    </div>
  </div>
</div>
`;
